96.246.67.144 - - [06/Oct/2015:23:09:29 -0400] "GET / HTTP/1.1" 200 1614 "-" "Mozilla/5.0 (X11; Linux x86_64) AppleWebKit/537.36 (KHTML, like Gecko) Chrome/45.0.2454.101 Safari/537.36"
96.246.67.144 - - [06/Oct/2015:23:09:28 -0400] "GET / HTTP/1.1" 200 1614 "-" "Mozilla/5.0 (X11; Linux x86_64) AppleWebKit/537.36 (KHTML, like Gecko) Chrome/45.0.2454.101 Safari/537.36"
96.246.67.144 - - [06/Oct/2015:23:09:30 -0400] "GET /static/bootstrap/css/bootstrap.css HTTP/1.1" 200 21864 "http://www.walksafr.com/" "Mozilla/5.0 (X11; Linux x86_64) AppleWebKit/537.36 (KHTML, like Gecko) Chrome/45.0.2454.101 Safari/537.36"
96.246.67.144 - - [06/Oct/2015:23:09:30 -0400] "GET /static/bootstrap/css/bootstrap-theme.css HTTP/1.1" 200 3190 "http://www.walksafr.com/" "Mozilla/5.0 (X11; Linux x86_64) AppleWebKit/537.36 (KHTML, like Gecko) Chrome/45.0.2454.101 Safari/537.36"
96.246.67.144 - - [06/Oct/2015:23:09:30 -0400] "GET /static/css/style.css HTTP/1.1" 200 676 "http://www.walksafr.com/" "Mozilla/5.0 (X11; Linux x86_64) AppleWebKit/537.36 (KHTML, like Gecko) Chrome/45.0.2454.101 Safari/537.36"
96.246.67.144 - - [06/Oct/2015:23:09:30 -0400] "GET /static/bootstrap/js/bootstrap.min.js HTTP/1.1" 200 10097 "http://www.walksafr.com/" "Mozilla/5.0 (X11; Linux x86_64) AppleWebKit/537.36 (KHTML, like Gecko) Chrome/45.0.2454.101 Safari/537.36"
96.246.67.144 - - [06/Oct/2015:23:09:30 -0400] "GET /static/bootstrap/js/ie10-viewport-bug-workaround.js HTTP/1.1" 200 789 "http://www.walksafr.com/" "Mozilla/5.0 (X11; Linux x86_64) AppleWebKit/537.36 (KHTML, like Gecko) Chrome/45.0.2454.101 Safari/537.36"
96.246.67.144 - - [06/Oct/2015:23:09:30 -0400] "GET /static/flavicon.ico HTTP/1.1" 200 12676 "http://www.walksafr.com/" "Mozilla/5.0 (X11; Linux x86_64) AppleWebKit/537.36 (KHTML, like Gecko) Chrome/45.0.2454.101 Safari/537.36"
96.246.67.144 - - [06/Oct/2015:23:09:40 -0400] "GET /mainapp/input/ HTTP/1.1" 200 2713 "http://www.walksafr.com/" "Mozilla/5.0 (X11; Linux x86_64) AppleWebKit/537.36 (KHTML, like Gecko) Chrome/45.0.2454.101 Safari/537.36"
96.246.67.144 - - [06/Oct/2015:23:09:40 -0400] "GET /static/mainapp/style.css HTTP/1.1" 404 520 "http://www.walksafr.com/mainapp/input/" "Mozilla/5.0 (X11; Linux x86_64) AppleWebKit/537.36 (KHTML, like Gecko) Chrome/45.0.2454.101 Safari/537.36"
96.246.67.144 - - [06/Oct/2015:23:09:40 -0400] "GET /static/mainapp/jquery.geocomplete.js HTTP/1.1" 404 532 "http://www.walksafr.com/mainapp/input/" "Mozilla/5.0 (X11; Linux x86_64) AppleWebKit/537.36 (KHTML, like Gecko) Chrome/45.0.2454.101 Safari/537.36"
96.246.67.144 - - [06/Oct/2015:23:09:40 -0400] "GET /static/bootstrap/fonts/glyphicons-halflings-regular.woff2 HTTP/1.1" 200 18290 "http://www.walksafr.com/static/bootstrap/css/bootstrap.css" "Mozilla/5.0 (X11; Linux x86_64) AppleWebKit/537.36 (KHTML, like Gecko) Chrome/45.0.2454.101 Safari/537.36"
96.246.67.144 - - [06/Oct/2015:23:10:04 -0400] "GET / HTTP/1.1" 200 1614 "http://www.walksafr.com/mainapp/input/" "Mozilla/5.0 (X11; Linux x86_64) AppleWebKit/537.36 (KHTML, like Gecko) Chrome/45.0.2454.101 Safari/537.36"
96.246.67.144 - - [06/Oct/2015:23:10:23 -0400] "GET / HTTP/1.1" 200 1614 "http://www.walksafr.com/mainapp/input/" "Mozilla/5.0 (X11; Linux x86_64) AppleWebKit/537.36 (KHTML, like Gecko) Chrome/45.0.2454.101 Safari/537.36"
96.246.67.144 - - [06/Oct/2015:23:10:23 -0400] "GET /static/bootstrap/css/bootstrap-theme.css HTTP/1.1" 200 3190 "http://www.walksafr.com/" "Mozilla/5.0 (X11; Linux x86_64) AppleWebKit/537.36 (KHTML, like Gecko) Chrome/45.0.2454.101 Safari/537.36"
96.246.67.144 - - [06/Oct/2015:23:10:23 -0400] "GET /static/css/style.css HTTP/1.1" 200 676 "http://www.walksafr.com/" "Mozilla/5.0 (X11; Linux x86_64) AppleWebKit/537.36 (KHTML, like Gecko) Chrome/45.0.2454.101 Safari/537.36"
96.246.67.144 - - [06/Oct/2015:23:10:23 -0400] "GET /static/bootstrap/css/bootstrap.css HTTP/1.1" 200 21864 "http://www.walksafr.com/" "Mozilla/5.0 (X11; Linux x86_64) AppleWebKit/537.36 (KHTML, like Gecko) Chrome/45.0.2454.101 Safari/537.36"
96.246.67.144 - - [06/Oct/2015:23:10:23 -0400] "GET /static/bootstrap/js/bootstrap.min.js HTTP/1.1" 200 10097 "http://www.walksafr.com/" "Mozilla/5.0 (X11; Linux x86_64) AppleWebKit/537.36 (KHTML, like Gecko) Chrome/45.0.2454.101 Safari/537.36"
96.246.67.144 - - [06/Oct/2015:23:10:23 -0400] "GET /static/bootstrap/js/ie10-viewport-bug-workaround.js HTTP/1.1" 200 789 "http://www.walksafr.com/" "Mozilla/5.0 (X11; Linux x86_64) AppleWebKit/537.36 (KHTML, like Gecko) Chrome/45.0.2454.101 Safari/537.36"
96.246.67.144 - - [06/Oct/2015:23:10:24 -0400] "GET /static/flavicon.ico HTTP/1.1" 200 12676 "http://www.walksafr.com/" "Mozilla/5.0 (X11; Linux x86_64) AppleWebKit/537.36 (KHTML, like Gecko) Chrome/45.0.2454.101 Safari/537.36"
96.246.67.144 - - [06/Oct/2015:23:11:06 -0400] "GET /mainapp/input/ HTTP/1.1" 200 2713 "http://www.walksafr.com/" "Mozilla/5.0 (X11; Linux x86_64) AppleWebKit/537.36 (KHTML, like Gecko) Chrome/45.0.2454.101 Safari/537.36"
96.246.67.144 - - [06/Oct/2015:23:11:06 -0400] "GET /static/mainapp/style.css HTTP/1.1" 404 520 "http://www.walksafr.com/mainapp/input/" "Mozilla/5.0 (X11; Linux x86_64) AppleWebKit/537.36 (KHTML, like Gecko) Chrome/45.0.2454.101 Safari/537.36"
96.246.67.144 - - [06/Oct/2015:23:11:06 -0400] "GET /static/mainapp/jquery.geocomplete.js HTTP/1.1" 404 532 "http://www.walksafr.com/mainapp/input/" "Mozilla/5.0 (X11; Linux x86_64) AppleWebKit/537.36 (KHTML, like Gecko) Chrome/45.0.2454.101 Safari/537.36"
96.246.67.144 - - [06/Oct/2015:23:11:06 -0400] "GET /static/bootstrap/fonts/glyphicons-halflings-regular.woff2 HTTP/1.1" 304 181 "http://www.walksafr.com/" "Mozilla/5.0 (X11; Linux x86_64) AppleWebKit/537.36 (KHTML, like Gecko) Chrome/45.0.2454.101 Safari/537.36"
96.246.67.144 - - [06/Oct/2015:23:12:40 -0400] "GET /mainapp/input/ HTTP/1.1" 200 2712 "-" "Mozilla/5.0 (X11; Linux x86_64) AppleWebKit/537.36 (KHTML, like Gecko) Chrome/45.0.2454.101 Safari/537.36"
96.246.67.144 - - [06/Oct/2015:23:12:41 -0400] "GET /static/mainapp/style.css HTTP/1.1" 200 423 "http://www.walksafr.com/mainapp/input/" "Mozilla/5.0 (X11; Linux x86_64) AppleWebKit/537.36 (KHTML, like Gecko) Chrome/45.0.2454.101 Safari/537.36"
96.246.67.144 - - [06/Oct/2015:23:12:41 -0400] "GET /static/mainapp/jquery.geocomplete.js HTTP/1.1" 200 6065 "http://www.walksafr.com/mainapp/input/" "Mozilla/5.0 (X11; Linux x86_64) AppleWebKit/537.36 (KHTML, like Gecko) Chrome/45.0.2454.101 Safari/537.36"
96.246.67.144 - - [06/Oct/2015:23:12:49 -0400] "GET / HTTP/1.1" 200 1614 "http://www.walksafr.com/mainapp/input/" "Mozilla/5.0 (X11; Linux x86_64) AppleWebKit/537.36 (KHTML, like Gecko) Chrome/45.0.2454.101 Safari/537.36"
96.246.67.144 - - [06/Oct/2015:23:12:41 -0400] "GET /static/mainapp/background_pale.png HTTP/1.1" 200 2812320 "http://www.walksafr.com/static/mainapp/style.css" "Mozilla/5.0 (X11; Linux x86_64) AppleWebKit/537.36 (KHTML, like Gecko) Chrome/45.0.2454.101 Safari/537.36"
96.246.67.144 - - [06/Oct/2015:23:12:54 -0400] "GET / HTTP/1.1" 200 1614 "http://www.walksafr.com/mainapp/input/" "Mozilla/5.0 (X11; Linux x86_64) AppleWebKit/537.36 (KHTML, like Gecko) Chrome/45.0.2454.101 Safari/537.36"
96.246.67.144 - - [06/Oct/2015:23:12:54 -0400] "GET /static/bootstrap/css/bootstrap-theme.css HTTP/1.1" 200 3190 "http://www.walksafr.com/" "Mozilla/5.0 (X11; Linux x86_64) AppleWebKit/537.36 (KHTML, like Gecko) Chrome/45.0.2454.101 Safari/537.36"
96.246.67.144 - - [06/Oct/2015:23:12:54 -0400] "GET /static/css/style.css HTTP/1.1" 200 706 "http://www.walksafr.com/" "Mozilla/5.0 (X11; Linux x86_64) AppleWebKit/537.36 (KHTML, like Gecko) Chrome/45.0.2454.101 Safari/537.36"
96.246.67.144 - - [06/Oct/2015:23:12:54 -0400] "GET /static/bootstrap/css/bootstrap.css HTTP/1.1" 200 21864 "http://www.walksafr.com/" "Mozilla/5.0 (X11; Linux x86_64) AppleWebKit/537.36 (KHTML, like Gecko) Chrome/45.0.2454.101 Safari/537.36"
96.246.67.144 - - [06/Oct/2015:23:12:54 -0400] "GET /static/bootstrap/js/bootstrap.min.js HTTP/1.1" 200 10097 "http://www.walksafr.com/" "Mozilla/5.0 (X11; Linux x86_64) AppleWebKit/537.36 (KHTML, like Gecko) Chrome/45.0.2454.101 Safari/537.36"
96.246.67.144 - - [06/Oct/2015:23:12:54 -0400] "GET /static/bootstrap/js/ie10-viewport-bug-workaround.js HTTP/1.1" 200 788 "http://www.walksafr.com/" "Mozilla/5.0 (X11; Linux x86_64) AppleWebKit/537.36 (KHTML, like Gecko) Chrome/45.0.2454.101 Safari/537.36"
96.246.67.144 - - [06/Oct/2015:23:13:02 -0400] "GET /mainapp/input/ HTTP/1.1" 200 2712 "http://www.walksafr.com/" "Mozilla/5.0 (X11; Linux x86_64) AppleWebKit/537.36 (KHTML, like Gecko) Chrome/45.0.2454.101 Safari/537.36"
96.246.67.144 - - [06/Oct/2015:23:12:55 -0400] "GET /static/css/background_pale.png HTTP/1.1" 200 3164784 "http://www.walksafr.com/static/css/style.css" "Mozilla/5.0 (X11; Linux x86_64) AppleWebKit/537.36 (KHTML, like Gecko) Chrome/45.0.2454.101 Safari/537.36"
96.246.67.144 - - [06/Oct/2015:23:13:03 -0400] "GET /static/mainapp/style.css HTTP/1.1" 200 423 "http://www.walksafr.com/mainapp/input/" "Mozilla/5.0 (X11; Linux x86_64) AppleWebKit/537.36 (KHTML, like Gecko) Chrome/45.0.2454.101 Safari/537.36"
96.246.67.144 - - [06/Oct/2015:23:13:04 -0400] "GET /static/mainapp/jquery.geocomplete.js HTTP/1.1" 200 6065 "http://www.walksafr.com/mainapp/input/" "Mozilla/5.0 (X11; Linux x86_64) AppleWebKit/537.36 (KHTML, like Gecko) Chrome/45.0.2454.101 Safari/537.36"
96.246.67.144 - - [06/Oct/2015:23:13:04 -0400] "GET /static/mainapp/background_pale.png HTTP/1.1" 206 345 "http://www.walksafr.com/static/mainapp/style.css" "Mozilla/5.0 (X11; Linux x86_64) AppleWebKit/537.36 (KHTML, like Gecko) Chrome/45.0.2454.101 Safari/537.36"
96.246.67.144 - - [06/Oct/2015:23:13:04 -0400] "GET /static/bootstrap/fonts/glyphicons-halflings-regular.woff2 HTTP/1.1" 200 18290 "http://www.walksafr.com/" "Mozilla/5.0 (X11; Linux x86_64) AppleWebKit/537.36 (KHTML, like Gecko) Chrome/45.0.2454.101 Safari/537.36"
96.246.67.144 - - [06/Oct/2015:23:13:04 -0400] "GET /static/mainapp/background_pale.png HTTP/1.1" 206 532813 "http://www.walksafr.com/static/mainapp/style.css" "Mozilla/5.0 (X11; Linux x86_64) AppleWebKit/537.36 (KHTML, like Gecko) Chrome/45.0.2454.101 Safari/537.36"
96.246.67.144 - - [06/Oct/2015:23:13:13 -0400] "GET /static/mainapp/loader.gif HTTP/1.1" 200 5683 "http://www.walksafr.com/mainapp/input/" "Mozilla/5.0 (X11; Linux x86_64) AppleWebKit/537.36 (KHTML, like Gecko) Chrome/45.0.2454.101 Safari/537.36"
96.246.67.144 - - [06/Oct/2015:23:13:13 -0400] "POST /mainapp/output/ HTTP/1.1" 200 41741 "http://www.walksafr.com/mainapp/input/" "Mozilla/5.0 (X11; Linux x86_64) AppleWebKit/537.36 (KHTML, like Gecko) Chrome/45.0.2454.101 Safari/537.36"
96.246.67.144 - - [06/Oct/2015:23:13:27 -0400] "GET /static/mainapp/style.css HTTP/1.1" 200 424 "http://www.walksafr.com/mainapp/output/" "Mozilla/5.0 (X11; Linux x86_64) AppleWebKit/537.36 (KHTML, like Gecko) Chrome/45.0.2454.101 Safari/537.36"
96.246.67.144 - - [06/Oct/2015:23:13:27 -0400] "GET /static/mainapp/background_pale.png HTTP/1.1" 304 183 "http://www.walksafr.com/mainapp/output/" "Mozilla/5.0 (X11; Linux x86_64) AppleWebKit/537.36 (KHTML, like Gecko) Chrome/45.0.2454.101 Safari/537.36"
96.246.67.144 - - [06/Oct/2015:23:14:14 -0400] "GET / HTTP/1.1" 200 1614 "http://www.walksafr.com/mainapp/output/" "Mozilla/5.0 (X11; Linux x86_64) AppleWebKit/537.36 (KHTML, like Gecko) Chrome/45.0.2454.101 Safari/537.36"
96.246.67.144 - - [06/Oct/2015:23:14:14 -0400] "GET /static/bootstrap/css/bootstrap.css HTTP/1.1" 200 21864 "http://www.walksafr.com/" "Mozilla/5.0 (X11; Linux x86_64) AppleWebKit/537.36 (KHTML, like Gecko) Chrome/45.0.2454.101 Safari/537.36"
96.246.67.144 - - [06/Oct/2015:23:14:14 -0400] "GET /static/bootstrap/css/bootstrap-theme.css HTTP/1.1" 200 3190 "http://www.walksafr.com/" "Mozilla/5.0 (X11; Linux x86_64) AppleWebKit/537.36 (KHTML, like Gecko) Chrome/45.0.2454.101 Safari/537.36"
96.246.67.144 - - [06/Oct/2015:23:14:14 -0400] "GET /static/css/style.css HTTP/1.1" 200 706 "http://www.walksafr.com/" "Mozilla/5.0 (X11; Linux x86_64) AppleWebKit/537.36 (KHTML, like Gecko) Chrome/45.0.2454.101 Safari/537.36"
96.246.67.144 - - [06/Oct/2015:23:14:14 -0400] "GET /static/bootstrap/js/bootstrap.min.js HTTP/1.1" 200 10097 "http://www.walksafr.com/" "Mozilla/5.0 (X11; Linux x86_64) AppleWebKit/537.36 (KHTML, like Gecko) Chrome/45.0.2454.101 Safari/537.36"
96.246.67.144 - - [06/Oct/2015:23:14:14 -0400] "GET /static/bootstrap/js/ie10-viewport-bug-workaround.js HTTP/1.1" 200 789 "http://www.walksafr.com/" "Mozilla/5.0 (X11; Linux x86_64) AppleWebKit/537.36 (KHTML, like Gecko) Chrome/45.0.2454.101 Safari/537.36"
158.69.2.151 - - [06/Oct/2015:23:14:19 -0400] "GET / HTTP/1.1" 200 4260 "-" "Mozilla/5.0 (X11; U; Linux i686; fr; rv:1.9.1.1) Gecko/20090715 Firefox/3.5.1"
96.246.67.144 - - [06/Oct/2015:23:14:14 -0400] "GET /static/css/background_pale.png HTTP/1.1" 200 3164784 "http://www.walksafr.com/static/css/style.css" "Mozilla/5.0 (X11; Linux x86_64) AppleWebKit/537.36 (KHTML, like Gecko) Chrome/45.0.2454.101 Safari/537.36"
96.246.67.144 - - [06/Oct/2015:23:14:23 -0400] "GET /static/flavicon.ico HTTP/1.1" 200 32340 "http://www.walksafr.com/" "Mozilla/5.0 (X11; Linux x86_64) AppleWebKit/537.36 (KHTML, like Gecko) Chrome/45.0.2454.101 Safari/537.36"
96.246.67.144 - - [06/Oct/2015:23:14:30 -0400] "GET /mainapp/input/ HTTP/1.1" 200 2715 "http://www.walksafr.com/" "Mozilla/5.0 (X11; Linux x86_64) AppleWebKit/537.36 (KHTML, like Gecko) Chrome/45.0.2454.101 Safari/537.36"
96.246.67.144 - - [06/Oct/2015:23:14:31 -0400] "GET /static/mainapp/style.css HTTP/1.1" 200 423 "http://www.walksafr.com/mainapp/input/" "Mozilla/5.0 (X11; Linux x86_64) AppleWebKit/537.36 (KHTML, like Gecko) Chrome/45.0.2454.101 Safari/537.36"
96.246.67.144 - - [06/Oct/2015:23:14:31 -0400] "GET /static/mainapp/jquery.geocomplete.js HTTP/1.1" 200 6064 "http://www.walksafr.com/mainapp/input/" "Mozilla/5.0 (X11; Linux x86_64) AppleWebKit/537.36 (KHTML, like Gecko) Chrome/45.0.2454.101 Safari/537.36"
96.246.67.144 - - [06/Oct/2015:23:14:31 -0400] "GET /static/bootstrap/fonts/glyphicons-halflings-regular.woff2 HTTP/1.1" 200 18291 "http://www.walksafr.com/static/bootstrap/css/bootstrap.css" "Mozilla/5.0 (X11; Linux x86_64) AppleWebKit/537.36 (KHTML, like Gecko) Chrome/45.0.2454.101 Safari/537.36"
96.246.67.144 - - [06/Oct/2015:23:14:31 -0400] "GET /static/mainapp/background_pale.png HTTP/1.1" 200 3164784 "http://www.walksafr.com/static/mainapp/style.css" "Mozilla/5.0 (X11; Linux x86_64) AppleWebKit/537.36 (KHTML, like Gecko) Chrome/45.0.2454.101 Safari/537.36"
96.246.67.144 - - [06/Oct/2015:23:15:19 -0400] "GET /static/mainapp/loader.gif HTTP/1.1" 200 5683 "http://www.walksafr.com/mainapp/input/" "Mozilla/5.0 (X11; Linux x86_64) AppleWebKit/537.36 (KHTML, like Gecko) Chrome/45.0.2454.101 Safari/537.36"
96.246.67.144 - - [06/Oct/2015:23:15:19 -0400] "POST /mainapp/output/ HTTP/1.1" 200 34865 "http://www.walksafr.com/mainapp/input/" "Mozilla/5.0 (X11; Linux x86_64) AppleWebKit/537.36 (KHTML, like Gecko) Chrome/45.0.2454.101 Safari/537.36"
96.246.67.144 - - [06/Oct/2015:23:15:34 -0400] "GET /static/mainapp/style.css HTTP/1.1" 200 424 "http://www.walksafr.com/mainapp/output/" "Mozilla/5.0 (X11; Linux x86_64) AppleWebKit/537.36 (KHTML, like Gecko) Chrome/45.0.2454.101 Safari/537.36"
96.246.67.144 - - [06/Oct/2015:23:15:34 -0400] "GET /static/mainapp/background_pale.png HTTP/1.1" 304 183 "http://www.walksafr.com/mainapp/output/" "Mozilla/5.0 (X11; Linux x86_64) AppleWebKit/537.36 (KHTML, like Gecko) Chrome/45.0.2454.101 Safari/537.36"
96.246.67.144 - - [06/Oct/2015:23:16:53 -0400] "GET /mainapp/input/ HTTP/1.1" 200 2715 "http://www.walksafr.com/" "Mozilla/5.0 (X11; Linux x86_64) AppleWebKit/537.36 (KHTML, like Gecko) Chrome/45.0.2454.101 Safari/537.36"
96.246.67.144 - - [06/Oct/2015:23:24:30 -0400] "GET / HTTP/1.1" 200 1634 "http://www.walksafr.com/mainapp/input/" "Mozilla/5.0 (X11; Linux x86_64) AppleWebKit/537.36 (KHTML, like Gecko) Chrome/45.0.2454.101 Safari/537.36"
96.246.67.144 - - [06/Oct/2015:23:24:30 -0400] "GET /static/bootstrap/css/bootstrap.css HTTP/1.1" 200 21864 "http://www.walksafr.com/" "Mozilla/5.0 (X11; Linux x86_64) AppleWebKit/537.36 (KHTML, like Gecko) Chrome/45.0.2454.101 Safari/537.36"
96.246.67.144 - - [06/Oct/2015:23:24:30 -0400] "GET /static/bootstrap/css/bootstrap-theme.css HTTP/1.1" 200 3190 "http://www.walksafr.com/" "Mozilla/5.0 (X11; Linux x86_64) AppleWebKit/537.36 (KHTML, like Gecko) Chrome/45.0.2454.101 Safari/537.36"
96.246.67.144 - - [06/Oct/2015:23:24:30 -0400] "GET /static/css/style.css HTTP/1.1" 200 706 "http://www.walksafr.com/" "Mozilla/5.0 (X11; Linux x86_64) AppleWebKit/537.36 (KHTML, like Gecko) Chrome/45.0.2454.101 Safari/537.36"
96.246.67.144 - - [06/Oct/2015:23:24:30 -0400] "GET /static/bootstrap/js/bootstrap.min.js HTTP/1.1" 200 10097 "http://www.walksafr.com/" "Mozilla/5.0 (X11; Linux x86_64) AppleWebKit/537.36 (KHTML, like Gecko) Chrome/45.0.2454.101 Safari/537.36"
96.246.67.144 - - [06/Oct/2015:23:24:30 -0400] "GET /static/bootstrap/js/ie10-viewport-bug-workaround.js HTTP/1.1" 200 789 "http://www.walksafr.com/" "Mozilla/5.0 (X11; Linux x86_64) AppleWebKit/537.36 (KHTML, like Gecko) Chrome/45.0.2454.101 Safari/537.36"
96.246.67.144 - - [06/Oct/2015:23:24:30 -0400] "GET /static/css/background_pale.png HTTP/1.1" 304 183 "http://www.walksafr.com/" "Mozilla/5.0 (X11; Linux x86_64) AppleWebKit/537.36 (KHTML, like Gecko) Chrome/45.0.2454.101 Safari/537.36"
96.246.67.144 - - [06/Oct/2015:23:24:44 -0400] "GET /mainapp/input/ HTTP/1.1" 200 2715 "http://www.walksafr.com/" "Mozilla/5.0 (X11; Linux x86_64) AppleWebKit/537.36 (KHTML, like Gecko) Chrome/45.0.2454.101 Safari/537.36"
96.246.67.144 - - [06/Oct/2015:23:24:44 -0400] "GET /static/mainapp/style.css HTTP/1.1" 200 423 "http://www.walksafr.com/mainapp/input/" "Mozilla/5.0 (X11; Linux x86_64) AppleWebKit/537.36 (KHTML, like Gecko) Chrome/45.0.2454.101 Safari/537.36"
96.246.67.144 - - [06/Oct/2015:23:24:44 -0400] "GET /static/mainapp/jquery.geocomplete.js HTTP/1.1" 200 6064 "http://www.walksafr.com/mainapp/input/" "Mozilla/5.0 (X11; Linux x86_64) AppleWebKit/537.36 (KHTML, like Gecko) Chrome/45.0.2454.101 Safari/537.36"
96.246.67.144 - - [06/Oct/2015:23:24:44 -0400] "GET /static/mainapp/background_pale.png HTTP/1.1" 304 184 "http://www.walksafr.com/mainapp/input/" "Mozilla/5.0 (X11; Linux x86_64) AppleWebKit/537.36 (KHTML, like Gecko) Chrome/45.0.2454.101 Safari/537.36"
96.246.67.144 - - [06/Oct/2015:23:24:44 -0400] "GET /static/bootstrap/fonts/glyphicons-halflings-regular.woff2 HTTP/1.1" 304 181 "http://www.walksafr.com/" "Mozilla/5.0 (X11; Linux x86_64) AppleWebKit/537.36 (KHTML, like Gecko) Chrome/45.0.2454.101 Safari/537.36"
96.246.67.144 - - [06/Oct/2015:23:24:56 -0400] "GET /static/mainapp/loader.gif HTTP/1.1" 304 182 "http://www.walksafr.com/mainapp/input/" "Mozilla/5.0 (X11; Linux x86_64) AppleWebKit/537.36 (KHTML, like Gecko) Chrome/45.0.2454.101 Safari/537.36"
96.246.67.144 - - [06/Oct/2015:23:24:56 -0400] "POST /mainapp/output/ HTTP/1.1" 200 41745 "http://www.walksafr.com/mainapp/input/" "Mozilla/5.0 (X11; Linux x86_64) AppleWebKit/537.36 (KHTML, like Gecko) Chrome/45.0.2454.101 Safari/537.36"
96.246.67.144 - - [06/Oct/2015:23:25:53 -0400] "POST /mainapp/output/ HTTP/1.1" 200 41745 "http://www.walksafr.com/mainapp/input/" "Mozilla/5.0 (X11; Linux x86_64) AppleWebKit/537.36 (KHTML, like Gecko) Chrome/45.0.2454.101 Safari/537.36"
96.246.67.144 - - [06/Oct/2015:23:26:31 -0400] "GET / HTTP/1.1" 200 1634 "http://www.walksafr.com/mainapp/output/" "Mozilla/5.0 (X11; Linux x86_64) AppleWebKit/537.36 (KHTML, like Gecko) Chrome/45.0.2454.101 Safari/537.36"
52.6.158.18 - - [06/Oct/2015:23:28:17 -0400] "GET / HTTP/1.1" 206 1681 "-" "Slackbot-LinkExpanding 1.0 (+https://api.slack.com/robots)"
52.0.190.149 - - [06/Oct/2015:23:28:17 -0400] "GET / HTTP/1.1" 200 4277 "-" "Slackbot-LinkExpanding 1.0 (+https://api.slack.com/robots)"
172.56.7.37 - - [06/Oct/2015:23:29:19 -0400] "GET / HTTP/1.1" 200 1634 "-" "Mozilla/5.0 (Macintosh; Intel Mac OS X 10_10_5) AppleWebKit/537.36 (KHTML, like Gecko) Chrome/45.0.2454.101 Safari/537.36"
172.56.7.37 - - [06/Oct/2015:23:29:19 -0400] "GET /static/bootstrap/css/bootstrap.css HTTP/1.1" 200 21864 "http://www.walksafr.com/" "Mozilla/5.0 (Macintosh; Intel Mac OS X 10_10_5) AppleWebKit/537.36 (KHTML, like Gecko) Chrome/45.0.2454.101 Safari/537.36"
172.56.7.37 - - [06/Oct/2015:23:29:20 -0400] "GET /static/bootstrap/css/bootstrap-theme.css HTTP/1.1" 200 3190 "http://www.walksafr.com/" "Mozilla/5.0 (Macintosh; Intel Mac OS X 10_10_5) AppleWebKit/537.36 (KHTML, like Gecko) Chrome/45.0.2454.101 Safari/537.36"
172.56.7.37 - - [06/Oct/2015:23:29:20 -0400] "GET /static/css/style.css HTTP/1.1" 200 706 "http://www.walksafr.com/" "Mozilla/5.0 (Macintosh; Intel Mac OS X 10_10_5) AppleWebKit/537.36 (KHTML, like Gecko) Chrome/45.0.2454.101 Safari/537.36"
172.56.7.37 - - [06/Oct/2015:23:29:20 -0400] "GET /static/bootstrap/js/bootstrap.min.js HTTP/1.1" 200 10096 "http://www.walksafr.com/" "Mozilla/5.0 (Macintosh; Intel Mac OS X 10_10_5) AppleWebKit/537.36 (KHTML, like Gecko) Chrome/45.0.2454.101 Safari/537.36"
172.56.7.37 - - [06/Oct/2015:23:29:20 -0400] "GET /static/bootstrap/js/ie10-viewport-bug-workaround.js HTTP/1.1" 200 789 "http://www.walksafr.com/" "Mozilla/5.0 (Macintosh; Intel Mac OS X 10_10_5) AppleWebKit/537.36 (KHTML, like Gecko) Chrome/45.0.2454.101 Safari/537.36"
72.182.33.194 - - [06/Oct/2015:23:29:23 -0400] "GET / HTTP/1.1" 200 1634 "-" "Mozilla/5.0 (X11; Linux x86_64) AppleWebKit/537.36 (KHTML, like Gecko) Chrome/45.0.2454.101 Safari/537.36"
72.182.33.194 - - [06/Oct/2015:23:29:23 -0400] "GET /static/bootstrap/css/bootstrap.css HTTP/1.1" 200 21864 "http://www.walksafr.com/" "Mozilla/5.0 (X11; Linux x86_64) AppleWebKit/537.36 (KHTML, like Gecko) Chrome/45.0.2454.101 Safari/537.36"
72.182.33.194 - - [06/Oct/2015:23:29:23 -0400] "GET /static/css/style.css HTTP/1.1" 200 706 "http://www.walksafr.com/" "Mozilla/5.0 (X11; Linux x86_64) AppleWebKit/537.36 (KHTML, like Gecko) Chrome/45.0.2454.101 Safari/537.36"
72.182.33.194 - - [06/Oct/2015:23:29:23 -0400] "GET /static/bootstrap/js/ie10-viewport-bug-workaround.js HTTP/1.1" 200 789 "http://www.walksafr.com/" "Mozilla/5.0 (X11; Linux x86_64) AppleWebKit/537.36 (KHTML, like Gecko) Chrome/45.0.2454.101 Safari/537.36"
72.182.33.194 - - [06/Oct/2015:23:29:23 -0400] "GET /static/bootstrap/css/bootstrap-theme.css HTTP/1.1" 200 3190 "http://www.walksafr.com/" "Mozilla/5.0 (X11; Linux x86_64) AppleWebKit/537.36 (KHTML, like Gecko) Chrome/45.0.2454.101 Safari/537.36"
72.182.33.194 - - [06/Oct/2015:23:29:23 -0400] "GET /static/bootstrap/js/bootstrap.min.js HTTP/1.1" 200 10097 "http://www.walksafr.com/" "Mozilla/5.0 (X11; Linux x86_64) AppleWebKit/537.36 (KHTML, like Gecko) Chrome/45.0.2454.101 Safari/537.36"
72.182.33.194 - - [06/Oct/2015:23:29:23 -0400] "GET /static/css/background_pale.png HTTP/1.1" 200 3164784 "http://www.walksafr.com/static/css/style.css" "Mozilla/5.0 (X11; Linux x86_64) AppleWebKit/537.36 (KHTML, like Gecko) Chrome/45.0.2454.101 Safari/537.36"
72.182.33.194 - - [06/Oct/2015:23:29:24 -0400] "GET /static/flavicon.ico HTTP/1.1" 200 32340 "http://www.walksafr.com/" "Mozilla/5.0 (X11; Linux x86_64) AppleWebKit/537.36 (KHTML, like Gecko) Chrome/45.0.2454.101 Safari/537.36"
172.56.7.37 - - [06/Oct/2015:23:29:20 -0400] "GET /static/css/background_pale.png HTTP/1.1" 200 3164784 "http://www.walksafr.com/static/css/style.css" "Mozilla/5.0 (Macintosh; Intel Mac OS X 10_10_5) AppleWebKit/537.36 (KHTML, like Gecko) Chrome/45.0.2454.101 Safari/537.36"
172.56.7.37 - - [06/Oct/2015:23:29:24 -0400] "GET /static/flavicon.ico HTTP/1.1" 200 32340 "http://www.walksafr.com/" "Mozilla/5.0 (Macintosh; Intel Mac OS X 10_10_5) AppleWebKit/537.36 (KHTML, like Gecko) Chrome/45.0.2454.101 Safari/537.36"
172.56.7.37 - - [06/Oct/2015:23:29:28 -0400] "GET /mainapp/input/ HTTP/1.1" 200 2713 "http://www.walksafr.com/" "Mozilla/5.0 (Macintosh; Intel Mac OS X 10_10_5) AppleWebKit/537.36 (KHTML, like Gecko) Chrome/45.0.2454.101 Safari/537.36"
72.182.33.194 - - [06/Oct/2015:23:29:28 -0400] "GET /mainapp/input/ HTTP/1.1" 200 2709 "http://www.walksafr.com/" "Mozilla/5.0 (X11; Linux x86_64) AppleWebKit/537.36 (KHTML, like Gecko) Chrome/45.0.2454.101 Safari/537.36"
72.182.33.194 - - [06/Oct/2015:23:29:29 -0400] "GET /static/mainapp/style.css HTTP/1.1" 200 423 "http://www.walksafr.com/mainapp/input/" "Mozilla/5.0 (X11; Linux x86_64) AppleWebKit/537.36 (KHTML, like Gecko) Chrome/45.0.2454.101 Safari/537.36"
72.182.33.194 - - [06/Oct/2015:23:29:29 -0400] "GET /static/mainapp/jquery.geocomplete.js HTTP/1.1" 200 6064 "http://www.walksafr.com/mainapp/input/" "Mozilla/5.0 (X11; Linux x86_64) AppleWebKit/537.36 (KHTML, like Gecko) Chrome/45.0.2454.101 Safari/537.36"
172.56.7.37 - - [06/Oct/2015:23:29:29 -0400] "GET /static/mainapp/style.css HTTP/1.1" 200 423 "http://www.walksafr.com/mainapp/input/" "Mozilla/5.0 (Macintosh; Intel Mac OS X 10_10_5) AppleWebKit/537.36 (KHTML, like Gecko) Chrome/45.0.2454.101 Safari/537.36"
72.182.33.194 - - [06/Oct/2015:23:29:29 -0400] "GET /static/bootstrap/fonts/glyphicons-halflings-regular.woff2 HTTP/1.1" 200 18290 "http://www.walksafr.com/static/bootstrap/css/bootstrap.css" "Mozilla/5.0 (X11; Linux x86_64) AppleWebKit/537.36 (KHTML, like Gecko) Chrome/45.0.2454.101 Safari/537.36"
172.56.7.37 - - [06/Oct/2015:23:29:29 -0400] "GET /static/mainapp/jquery.geocomplete.js HTTP/1.1" 200 6065 "http://www.walksafr.com/mainapp/input/" "Mozilla/5.0 (Macintosh; Intel Mac OS X 10_10_5) AppleWebKit/537.36 (KHTML, like Gecko) Chrome/45.0.2454.101 Safari/537.36"
172.56.7.37 - - [06/Oct/2015:23:29:29 -0400] "GET /static/bootstrap/fonts/glyphicons-halflings-regular.woff2 HTTP/1.1" 200 18290 "http://www.walksafr.com/static/bootstrap/css/bootstrap.css" "Mozilla/5.0 (Macintosh; Intel Mac OS X 10_10_5) AppleWebKit/537.36 (KHTML, like Gecko) Chrome/45.0.2454.101 Safari/537.36"
72.182.33.194 - - [06/Oct/2015:23:29:29 -0400] "GET /static/mainapp/background_pale.png HTTP/1.1" 200 3164785 "http://www.walksafr.com/static/mainapp/style.css" "Mozilla/5.0 (X11; Linux x86_64) AppleWebKit/537.36 (KHTML, like Gecko) Chrome/45.0.2454.101 Safari/537.36"
72.182.33.194 - - [06/Oct/2015:23:29:32 -0400] "GET /static/mainapp/loader.gif HTTP/1.1" 200 5682 "http://www.walksafr.com/mainapp/input/" "Mozilla/5.0 (X11; Linux x86_64) AppleWebKit/537.36 (KHTML, like Gecko) Chrome/45.0.2454.101 Safari/537.36"
72.182.33.194 - - [06/Oct/2015:23:29:32 -0400] "POST /mainapp/output/ HTTP/1.1" 500 72697 "http://www.walksafr.com/mainapp/input/" "Mozilla/5.0 (X11; Linux x86_64) AppleWebKit/537.36 (KHTML, like Gecko) Chrome/45.0.2454.101 Safari/537.36"
172.56.7.37 - - [06/Oct/2015:23:29:29 -0400] "GET /static/mainapp/background_pale.png HTTP/1.1" 200 3164784 "http://www.walksafr.com/static/mainapp/style.css" "Mozilla/5.0 (Macintosh; Intel Mac OS X 10_10_5) AppleWebKit/537.36 (KHTML, like Gecko) Chrome/45.0.2454.101 Safari/537.36"
72.182.33.194 - - [06/Oct/2015:23:29:32 -0400] "GET /favicon.ico HTTP/1.1" 404 2300 "http://www.walksafr.com/mainapp/output/" "Mozilla/5.0 (X11; Linux x86_64) AppleWebKit/537.36 (KHTML, like Gecko) Chrome/45.0.2454.101 Safari/537.36"
172.56.7.37 - - [06/Oct/2015:23:29:41 -0400] "GET / HTTP/1.1" 200 1634 "http://www.walksafr.com/mainapp/input/" "Mozilla/5.0 (Macintosh; Intel Mac OS X 10_10_5) AppleWebKit/537.36 (KHTML, like Gecko) Chrome/45.0.2454.101 Safari/537.36"
172.56.7.37 - - [06/Oct/2015:23:29:50 -0400] "GET /mainapp/input/ HTTP/1.1" 200 2714 "http://www.walksafr.com/" "Mozilla/5.0 (Macintosh; Intel Mac OS X 10_10_5) AppleWebKit/537.36 (KHTML, like Gecko) Chrome/45.0.2454.101 Safari/537.36"
172.56.7.37 - - [06/Oct/2015:23:29:50 -0400] "GET /mainapp/input/ HTTP/1.1" 200 2714 "http://www.walksafr.com/" "Mozilla/5.0 (Macintosh; Intel Mac OS X 10_10_5) AppleWebKit/537.36 (KHTML, like Gecko) Chrome/45.0.2454.101 Safari/537.36"
172.56.7.37 - - [06/Oct/2015:23:29:53 -0400] "GET /static/mainapp/loader.gif HTTP/1.1" 200 5682 "http://www.walksafr.com/mainapp/input/" "Mozilla/5.0 (Macintosh; Intel Mac OS X 10_10_5) AppleWebKit/537.36 (KHTML, like Gecko) Chrome/45.0.2454.101 Safari/537.36"
172.56.7.37 - - [06/Oct/2015:23:29:53 -0400] "POST /mainapp/output/ HTTP/1.1" 500 72579 "http://www.walksafr.com/mainapp/input/" "Mozilla/5.0 (Macintosh; Intel Mac OS X 10_10_5) AppleWebKit/537.36 (KHTML, like Gecko) Chrome/45.0.2454.101 Safari/537.36"
172.56.7.37 - - [06/Oct/2015:23:29:53 -0400] "GET /favicon.ico HTTP/1.1" 404 2300 "http://www.walksafr.com/mainapp/output/" "Mozilla/5.0 (Macintosh; Intel Mac OS X 10_10_5) AppleWebKit/537.36 (KHTML, like Gecko) Chrome/45.0.2454.101 Safari/537.36"
172.56.7.37 - - [06/Oct/2015:23:30:01 -0400] "POST /mainapp/output/ HTTP/1.1" 500 72579 "http://www.walksafr.com/mainapp/input/" "Mozilla/5.0 (Macintosh; Intel Mac OS X 10_10_5) AppleWebKit/537.36 (KHTML, like Gecko) Chrome/45.0.2454.101 Safari/537.36"
172.56.7.37 - - [06/Oct/2015:23:30:19 -0400] "POST /mainapp/output/ HTTP/1.1" 500 72579 "http://www.walksafr.com/mainapp/input/" "Mozilla/5.0 (Macintosh; Intel Mac OS X 10_10_5) AppleWebKit/537.36 (KHTML, like Gecko) Chrome/45.0.2454.101 Safari/537.36"
172.56.7.37 - - [06/Oct/2015:23:30:24 -0400] "GET /mainapp/input/ HTTP/1.1" 200 2714 "http://www.walksafr.com/mainapp/input/" "Mozilla/5.0 (Macintosh; Intel Mac OS X 10_10_5) AppleWebKit/537.36 (KHTML, like Gecko) Chrome/45.0.2454.101 Safari/537.36"
24.9.104.158 - - [06/Oct/2015:23:30:28 -0400] "GET / HTTP/1.1" 200 1634 "-" "Mozilla/5.0 (Macintosh; Intel Mac OS X 10.10; rv:41.0) Gecko/20100101 Firefox/41.0"
24.9.104.158 - - [06/Oct/2015:23:30:28 -0400] "GET /static/bootstrap/css/bootstrap.css HTTP/1.1" 200 21864 "-" "Mozilla/5.0 (Macintosh; Intel Mac OS X 10.10; rv:41.0) Gecko/20100101 Firefox/41.0"
24.9.104.158 - - [06/Oct/2015:23:30:28 -0400] "GET /static/bootstrap/css/bootstrap-theme.css HTTP/1.1" 200 3190 "-" "Mozilla/5.0 (Macintosh; Intel Mac OS X 10.10; rv:41.0) Gecko/20100101 Firefox/41.0"
24.9.104.158 - - [06/Oct/2015:23:30:28 -0400] "GET /static/css/style.css HTTP/1.1" 200 706 "-" "Mozilla/5.0 (Macintosh; Intel Mac OS X 10.10; rv:41.0) Gecko/20100101 Firefox/41.0"
24.9.104.158 - - [06/Oct/2015:23:30:28 -0400] "GET /static/bootstrap/js/ie10-viewport-bug-workaround.js HTTP/1.1" 200 789 "-" "Mozilla/5.0 (Macintosh; Intel Mac OS X 10.10; rv:41.0) Gecko/20100101 Firefox/41.0"
24.9.104.158 - - [06/Oct/2015:23:30:28 -0400] "GET /static/bootstrap/js/bootstrap.min.js HTTP/1.1" 200 10097 "-" "Mozilla/5.0 (Macintosh; Intel Mac OS X 10.10; rv:41.0) Gecko/20100101 Firefox/41.0"
24.9.104.158 - - [06/Oct/2015:23:30:29 -0400] "GET /static/flavicon.ico HTTP/1.1" 200 32341 "-" "Mozilla/5.0 (Macintosh; Intel Mac OS X 10.10; rv:41.0) Gecko/20100101 Firefox/41.0"
24.9.104.158 - - [06/Oct/2015:23:30:29 -0400] "GET /static/css/background_pale.png HTTP/1.1" 200 3164784 "-" "Mozilla/5.0 (Macintosh; Intel Mac OS X 10.10; rv:41.0) Gecko/20100101 Firefox/41.0"
24.9.104.158 - - [06/Oct/2015:23:30:45 -0400] "GET /mainapp/input/ HTTP/1.1" 200 2712 "-" "Mozilla/5.0 (Macintosh; Intel Mac OS X 10.10; rv:41.0) Gecko/20100101 Firefox/41.0"
67.188.132.78 - - [06/Oct/2015:23:30:45 -0400] "GET / HTTP/1.1" 200 1634 "-" "Mozilla/5.0 (Macintosh; Intel Mac OS X 10_9_5) AppleWebKit/537.36 (KHTML, like Gecko) Chrome/45.0.2454.85 Safari/537.36"
24.9.104.158 - - [06/Oct/2015:23:30:46 -0400] "GET /static/mainapp/style.css HTTP/1.1" 200 423 "-" "Mozilla/5.0 (Macintosh; Intel Mac OS X 10.10; rv:41.0) Gecko/20100101 Firefox/41.0"
24.9.104.158 - - [06/Oct/2015:23:30:46 -0400] "GET /static/mainapp/jquery.geocomplete.js HTTP/1.1" 200 6064 "-" "Mozilla/5.0 (Macintosh; Intel Mac OS X 10.10; rv:41.0) Gecko/20100101 Firefox/41.0"
67.188.132.78 - - [06/Oct/2015:23:30:46 -0400] "GET /static/bootstrap/css/bootstrap.css HTTP/1.1" 200 21864 "http://www.walksafr.com/" "Mozilla/5.0 (Macintosh; Intel Mac OS X 10_9_5) AppleWebKit/537.36 (KHTML, like Gecko) Chrome/45.0.2454.85 Safari/537.36"
67.188.132.78 - - [06/Oct/2015:23:30:46 -0400] "GET /static/bootstrap/css/bootstrap-theme.css HTTP/1.1" 200 3190 "http://www.walksafr.com/" "Mozilla/5.0 (Macintosh; Intel Mac OS X 10_9_5) AppleWebKit/537.36 (KHTML, like Gecko) Chrome/45.0.2454.85 Safari/537.36"
67.188.132.78 - - [06/Oct/2015:23:30:46 -0400] "GET /static/css/style.css HTTP/1.1" 200 706 "http://www.walksafr.com/" "Mozilla/5.0 (Macintosh; Intel Mac OS X 10_9_5) AppleWebKit/537.36 (KHTML, like Gecko) Chrome/45.0.2454.85 Safari/537.36"
67.188.132.78 - - [06/Oct/2015:23:30:46 -0400] "GET /static/bootstrap/js/bootstrap.min.js HTTP/1.1" 200 10097 "http://www.walksafr.com/" "Mozilla/5.0 (Macintosh; Intel Mac OS X 10_9_5) AppleWebKit/537.36 (KHTML, like Gecko) Chrome/45.0.2454.85 Safari/537.36"
67.188.132.78 - - [06/Oct/2015:23:30:46 -0400] "GET /static/bootstrap/js/ie10-viewport-bug-workaround.js HTTP/1.1" 200 789 "http://www.walksafr.com/" "Mozilla/5.0 (Macintosh; Intel Mac OS X 10_9_5) AppleWebKit/537.36 (KHTML, like Gecko) Chrome/45.0.2454.85 Safari/537.36"
24.9.104.158 - - [06/Oct/2015:23:30:46 -0400] "GET /static/bootstrap/fonts/glyphicons-halflings-regular.woff2 HTTP/1.1" 200 18290 "-" "Mozilla/5.0 (Macintosh; Intel Mac OS X 10.10; rv:41.0) Gecko/20100101 Firefox/41.0"
24.9.104.158 - - [06/Oct/2015:23:30:46 -0400] "GET /static/mainapp/background_pale.png HTTP/1.1" 200 3164785 "-" "Mozilla/5.0 (Macintosh; Intel Mac OS X 10.10; rv:41.0) Gecko/20100101 Firefox/41.0"
67.188.132.78 - - [06/Oct/2015:23:30:46 -0400] "GET /static/css/background_pale.png HTTP/1.1" 200 3164784 "http://www.walksafr.com/static/css/style.css" "Mozilla/5.0 (Macintosh; Intel Mac OS X 10_9_5) AppleWebKit/537.36 (KHTML, like Gecko) Chrome/45.0.2454.85 Safari/537.36"
24.9.104.158 - - [06/Oct/2015:23:30:47 -0400] "GET / HTTP/1.1" 200 1633 "-" "Mozilla/5.0 (Macintosh; Intel Mac OS X 10.10; rv:41.0) Gecko/20100101 Firefox/41.0"
67.188.132.78 - - [06/Oct/2015:23:30:48 -0400] "GET /static/flavicon.ico HTTP/1.1" 200 32340 "http://www.walksafr.com/" "Mozilla/5.0 (Macintosh; Intel Mac OS X 10_9_5) AppleWebKit/537.36 (KHTML, like Gecko) Chrome/45.0.2454.85 Safari/537.36"
67.188.132.78 - - [06/Oct/2015:23:30:57 -0400] "GET /mainapp/input/ HTTP/1.1" 200 2711 "http://www.walksafr.com/" "Mozilla/5.0 (Macintosh; Intel Mac OS X 10_9_5) AppleWebKit/537.36 (KHTML, like Gecko) Chrome/45.0.2454.85 Safari/537.36"
67.188.132.78 - - [06/Oct/2015:23:30:57 -0400] "GET /static/mainapp/style.css HTTP/1.1" 200 423 "http://www.walksafr.com/mainapp/input/" "Mozilla/5.0 (Macintosh; Intel Mac OS X 10_9_5) AppleWebKit/537.36 (KHTML, like Gecko) Chrome/45.0.2454.85 Safari/537.36"
67.188.132.78 - - [06/Oct/2015:23:30:57 -0400] "GET /static/mainapp/jquery.geocomplete.js HTTP/1.1" 200 6065 "http://www.walksafr.com/mainapp/input/" "Mozilla/5.0 (Macintosh; Intel Mac OS X 10_9_5) AppleWebKit/537.36 (KHTML, like Gecko) Chrome/45.0.2454.85 Safari/537.36"
67.188.132.78 - - [06/Oct/2015:23:30:57 -0400] "GET /static/bootstrap/fonts/glyphicons-halflings-regular.woff2 HTTP/1.1" 200 18290 "http://www.walksafr.com/static/bootstrap/css/bootstrap.css" "Mozilla/5.0 (Macintosh; Intel Mac OS X 10_9_5) AppleWebKit/537.36 (KHTML, like Gecko) Chrome/45.0.2454.85 Safari/537.36"
67.188.132.78 - - [06/Oct/2015:23:30:57 -0400] "GET /static/mainapp/background_pale.png HTTP/1.1" 200 3164784 "http://www.walksafr.com/static/mainapp/style.css" "Mozilla/5.0 (Macintosh; Intel Mac OS X 10_9_5) AppleWebKit/537.36 (KHTML, like Gecko) Chrome/45.0.2454.85 Safari/537.36"
67.188.132.78 - - [06/Oct/2015:23:31:01 -0400] "GET /static/mainapp/loader.gif HTTP/1.1" 200 5682 "http://www.walksafr.com/mainapp/input/" "Mozilla/5.0 (Macintosh; Intel Mac OS X 10_9_5) AppleWebKit/537.36 (KHTML, like Gecko) Chrome/45.0.2454.85 Safari/537.36"
67.188.132.78 - - [06/Oct/2015:23:31:01 -0400] "POST /mainapp/output/ HTTP/1.1" 500 72766 "http://www.walksafr.com/mainapp/input/" "Mozilla/5.0 (Macintosh; Intel Mac OS X 10_9_5) AppleWebKit/537.36 (KHTML, like Gecko) Chrome/45.0.2454.85 Safari/537.36"
24.9.104.158 - - [06/Oct/2015:23:31:01 -0400] "GET /mainapp/input/ HTTP/1.1" 200 2712 "-" "Mozilla/5.0 (Macintosh; Intel Mac OS X 10.10; rv:41.0) Gecko/20100101 Firefox/41.0"
67.188.132.78 - - [06/Oct/2015:23:31:01 -0400] "GET /favicon.ico HTTP/1.1" 404 2300 "http://www.walksafr.com/mainapp/output/" "Mozilla/5.0 (Macintosh; Intel Mac OS X 10_9_5) AppleWebKit/537.36 (KHTML, like Gecko) Chrome/45.0.2454.85 Safari/537.36"
67.188.132.78 - - [06/Oct/2015:23:32:02 -0400] "GET /mainapp/input/ HTTP/1.1" 200 2711 "http://www.walksafr.com/" "Mozilla/5.0 (Macintosh; Intel Mac OS X 10_9_5) AppleWebKit/537.36 (KHTML, like Gecko) Chrome/45.0.2454.85 Safari/537.36"
67.188.132.78 - - [06/Oct/2015:23:32:06 -0400] "POST /mainapp/output/ HTTP/1.1" 500 72766 "http://www.walksafr.com/mainapp/input/" "Mozilla/5.0 (Macintosh; Intel Mac OS X 10_9_5) AppleWebKit/537.36 (KHTML, like Gecko) Chrome/45.0.2454.85 Safari/537.36"
67.188.132.78 - - [06/Oct/2015:23:32:25 -0400] "GET /mainapp/input/ HTTP/1.1" 200 2711 "http://www.walksafr.com/" "Mozilla/5.0 (Macintosh; Intel Mac OS X 10_9_5) AppleWebKit/537.36 (KHTML, like Gecko) Chrome/45.0.2454.85 Safari/537.36"
67.188.132.78 - - [06/Oct/2015:23:32:34 -0400] "POST /mainapp/output/ HTTP/1.1" 200 28553 "http://www.walksafr.com/mainapp/input/" "Mozilla/5.0 (Macintosh; Intel Mac OS X 10_9_5) AppleWebKit/537.36 (KHTML, like Gecko) Chrome/45.0.2454.85 Safari/537.36"
96.246.67.144 - - [06/Oct/2015:23:33:24 -0400] "GET / HTTP/1.1" 200 1634 "-" "Mozilla/5.0 (X11; Linux x86_64) AppleWebKit/537.36 (KHTML, like Gecko) Chrome/45.0.2454.101 Safari/537.36"
96.246.67.144 - - [06/Oct/2015:23:33:24 -0400] "GET /static/bootstrap/css/bootstrap-theme.css HTTP/1.1" 200 3190 "http://www.walksafr.com/" "Mozilla/5.0 (X11; Linux x86_64) AppleWebKit/537.36 (KHTML, like Gecko) Chrome/45.0.2454.101 Safari/537.36"
96.246.67.144 - - [06/Oct/2015:23:33:24 -0400] "GET /static/bootstrap/css/bootstrap.css HTTP/1.1" 200 21864 "http://www.walksafr.com/" "Mozilla/5.0 (X11; Linux x86_64) AppleWebKit/537.36 (KHTML, like Gecko) Chrome/45.0.2454.101 Safari/537.36"
96.246.67.144 - - [06/Oct/2015:23:33:24 -0400] "GET /static/css/style.css HTTP/1.1" 200 706 "http://www.walksafr.com/" "Mozilla/5.0 (X11; Linux x86_64) AppleWebKit/537.36 (KHTML, like Gecko) Chrome/45.0.2454.101 Safari/537.36"
96.246.67.144 - - [06/Oct/2015:23:33:24 -0400] "GET /static/bootstrap/js/bootstrap.min.js HTTP/1.1" 200 10097 "http://www.walksafr.com/" "Mozilla/5.0 (X11; Linux x86_64) AppleWebKit/537.36 (KHTML, like Gecko) Chrome/45.0.2454.101 Safari/537.36"
96.246.67.144 - - [06/Oct/2015:23:33:24 -0400] "GET /static/bootstrap/js/ie10-viewport-bug-workaround.js HTTP/1.1" 200 789 "http://www.walksafr.com/" "Mozilla/5.0 (X11; Linux x86_64) AppleWebKit/537.36 (KHTML, like Gecko) Chrome/45.0.2454.101 Safari/537.36"
96.246.67.144 - - [06/Oct/2015:23:33:24 -0400] "GET /static/css/background_pale.png HTTP/1.1" 304 183 "http://www.walksafr.com/static/css/style.css" "Mozilla/5.0 (X11; Linux x86_64) AppleWebKit/537.36 (KHTML, like Gecko) Chrome/45.0.2454.101 Safari/537.36"
96.246.67.144 - - [06/Oct/2015:23:33:26 -0400] "GET /mainapp/input/ HTTP/1.1" 200 2671 "http://www.walksafr.com/" "Mozilla/5.0 (X11; Linux x86_64) AppleWebKit/537.36 (KHTML, like Gecko) Chrome/45.0.2454.101 Safari/537.36"
96.246.67.144 - - [06/Oct/2015:23:33:26 -0400] "GET /static/mainapp/style.css HTTP/1.1" 200 423 "http://www.walksafr.com/mainapp/input/" "Mozilla/5.0 (X11; Linux x86_64) AppleWebKit/537.36 (KHTML, like Gecko) Chrome/45.0.2454.101 Safari/537.36"
96.246.67.144 - - [06/Oct/2015:23:33:26 -0400] "GET /static/mainapp/jquery.geocomplete.js HTTP/1.1" 200 6064 "http://www.walksafr.com/mainapp/input/" "Mozilla/5.0 (X11; Linux x86_64) AppleWebKit/537.36 (KHTML, like Gecko) Chrome/45.0.2454.101 Safari/537.36"
96.246.67.144 - - [06/Oct/2015:23:33:26 -0400] "GET /static/mainapp/background_pale.png HTTP/1.1" 304 183 "http://www.walksafr.com/static/mainapp/style.css" "Mozilla/5.0 (X11; Linux x86_64) AppleWebKit/537.36 (KHTML, like Gecko) Chrome/45.0.2454.101 Safari/537.36"
96.246.67.144 - - [06/Oct/2015:23:33:26 -0400] "GET /static/bootstrap/fonts/glyphicons-halflings-regular.woff2 HTTP/1.1" 304 181 "http://www.walksafr.com/static/bootstrap/css/bootstrap.css" "Mozilla/5.0 (X11; Linux x86_64) AppleWebKit/537.36 (KHTML, like Gecko) Chrome/45.0.2454.101 Safari/537.36"
24.9.104.158 - - [06/Oct/2015:23:33:27 -0400] "POST /mainapp/output/ HTTP/1.1" 500 104653 "-" "Mozilla/5.0 (Macintosh; Intel Mac OS X 10.10; rv:41.0) Gecko/20100101 Firefox/41.0"
24.9.104.158 - - [06/Oct/2015:23:33:34 -0400] "GET /favicon.ico HTTP/1.1" 404 2301 "-" "Mozilla/5.0 (Macintosh; Intel Mac OS X 10.10; rv:41.0) Gecko/20100101 Firefox/41.0"
24.9.104.158 - - [06/Oct/2015:23:33:34 -0400] "GET /favicon.ico HTTP/1.1" 404 2301 "-" "Mozilla/5.0 (Macintosh; Intel Mac OS X 10.10; rv:41.0) Gecko/20100101 Firefox/41.0"
96.246.67.144 - - [06/Oct/2015:23:34:00 -0400] "GET / HTTP/1.1" 200 1634 "http://www.walksafr.com/mainapp/input/" "Mozilla/5.0 (X11; Linux x86_64) AppleWebKit/537.36 (KHTML, like Gecko) Chrome/45.0.2454.101 Safari/537.36"
96.246.67.144 - - [06/Oct/2015:23:34:01 -0400] "GET /mainapp/input/ HTTP/1.1" 200 2675 "http://www.walksafr.com/" "Mozilla/5.0 (X11; Linux x86_64) AppleWebKit/537.36 (KHTML, like Gecko) Chrome/45.0.2454.101 Safari/537.36"
172.56.7.37 - - [06/Oct/2015:23:34:35 -0400] "GET /static/mainapp/loader.gif HTTP/1.1" 304 182 "http://www.walksafr.com/mainapp/input/" "Mozilla/5.0 (Macintosh; Intel Mac OS X 10_10_5) AppleWebKit/537.36 (KHTML, like Gecko) Chrome/45.0.2454.101 Safari/537.36"
172.56.7.37 - - [06/Oct/2015:23:34:35 -0400] "POST /mainapp/output/ HTTP/1.1" 200 37940 "http://www.walksafr.com/mainapp/input/" "Mozilla/5.0 (Macintosh; Intel Mac OS X 10_10_5) AppleWebKit/537.36 (KHTML, like Gecko) Chrome/45.0.2454.101 Safari/537.36"
172.56.7.37 - - [06/Oct/2015:23:34:49 -0400] "GET /static/bootstrap/css/bootstrap.css HTTP/1.1" 200 21865 "http://www.walksafr.com/mainapp/output/" "Mozilla/5.0 (Macintosh; Intel Mac OS X 10_10_5) AppleWebKit/537.36 (KHTML, like Gecko) Chrome/45.0.2454.101 Safari/537.36"
172.56.7.37 - - [06/Oct/2015:23:34:49 -0400] "GET /static/bootstrap/css/bootstrap-theme.css HTTP/1.1" 200 3190 "http://www.walksafr.com/mainapp/output/" "Mozilla/5.0 (Macintosh; Intel Mac OS X 10_10_5) AppleWebKit/537.36 (KHTML, like Gecko) Chrome/45.0.2454.101 Safari/537.36"
172.56.7.37 - - [06/Oct/2015:23:34:49 -0400] "GET /static/css/style.css HTTP/1.1" 200 705 "http://www.walksafr.com/mainapp/output/" "Mozilla/5.0 (Macintosh; Intel Mac OS X 10_10_5) AppleWebKit/537.36 (KHTML, like Gecko) Chrome/45.0.2454.101 Safari/537.36"
172.56.7.37 - - [06/Oct/2015:23:34:49 -0400] "GET /static/mainapp/style.css HTTP/1.1" 200 424 "http://www.walksafr.com/mainapp/output/" "Mozilla/5.0 (Macintosh; Intel Mac OS X 10_10_5) AppleWebKit/537.36 (KHTML, like Gecko) Chrome/45.0.2454.101 Safari/537.36"
172.56.7.37 - - [06/Oct/2015:23:34:49 -0400] "GET /static/bootstrap/js/bootstrap.min.js HTTP/1.1" 200 10097 "http://www.walksafr.com/mainapp/output/" "Mozilla/5.0 (Macintosh; Intel Mac OS X 10_10_5) AppleWebKit/537.36 (KHTML, like Gecko) Chrome/45.0.2454.101 Safari/537.36"
172.56.7.37 - - [06/Oct/2015:23:34:49 -0400] "GET /static/bootstrap/js/ie10-viewport-bug-workaround.js HTTP/1.1" 200 789 "http://www.walksafr.com/mainapp/output/" "Mozilla/5.0 (Macintosh; Intel Mac OS X 10_10_5) AppleWebKit/537.36 (KHTML, like Gecko) Chrome/45.0.2454.101 Safari/537.36"
172.56.7.37 - - [06/Oct/2015:23:34:49 -0400] "GET /static/mainapp/background_pale.png HTTP/1.1" 304 183 "http://www.walksafr.com/mainapp/output/" "Mozilla/5.0 (Macintosh; Intel Mac OS X 10_10_5) AppleWebKit/537.36 (KHTML, like Gecko) Chrome/45.0.2454.101 Safari/537.36"
96.246.67.144 - - [06/Oct/2015:23:34:57 -0400] "GET / HTTP/1.1" 200 1634 "http://www.walksafr.com/mainapp/input/" "Mozilla/5.0 (X11; Linux x86_64) AppleWebKit/537.36 (KHTML, like Gecko) Chrome/45.0.2454.101 Safari/537.36"
24.9.104.158 - - [06/Oct/2015:23:36:02 -0400] "GET / HTTP/1.1" 200 1634 "-" "Mozilla/5.0 (Macintosh; Intel Mac OS X 10.10; rv:41.0) Gecko/20100101 Firefox/41.0"
24.9.104.158 - - [06/Oct/2015:23:36:02 -0400] "GET /static/bootstrap/css/bootstrap.css HTTP/1.1" 200 21864 "-" "Mozilla/5.0 (Macintosh; Intel Mac OS X 10.10; rv:41.0) Gecko/20100101 Firefox/41.0"
24.9.104.158 - - [06/Oct/2015:23:36:03 -0400] "GET /static/bootstrap/css/bootstrap-theme.css HTTP/1.1" 200 3190 "-" "Mozilla/5.0 (Macintosh; Intel Mac OS X 10.10; rv:41.0) Gecko/20100101 Firefox/41.0"
24.9.104.158 - - [06/Oct/2015:23:36:03 -0400] "GET /static/css/style.css HTTP/1.1" 200 706 "-" "Mozilla/5.0 (Macintosh; Intel Mac OS X 10.10; rv:41.0) Gecko/20100101 Firefox/41.0"
24.9.104.158 - - [06/Oct/2015:23:36:03 -0400] "GET /static/bootstrap/js/ie10-viewport-bug-workaround.js HTTP/1.1" 200 789 "-" "Mozilla/5.0 (Macintosh; Intel Mac OS X 10.10; rv:41.0) Gecko/20100101 Firefox/41.0"
24.9.104.158 - - [06/Oct/2015:23:36:03 -0400] "GET /static/bootstrap/js/bootstrap.min.js HTTP/1.1" 200 10097 "-" "Mozilla/5.0 (Macintosh; Intel Mac OS X 10.10; rv:41.0) Gecko/20100101 Firefox/41.0"
24.9.104.158 - - [06/Oct/2015:23:36:03 -0400] "GET /static/css/background_pale.png HTTP/1.1" 304 183 "-" "Mozilla/5.0 (Macintosh; Intel Mac OS X 10.10; rv:41.0) Gecko/20100101 Firefox/41.0"
24.9.104.158 - - [06/Oct/2015:23:36:06 -0400] "GET /mainapp/input/ HTTP/1.1" 200 2670 "-" "Mozilla/5.0 (Macintosh; Intel Mac OS X 10.10; rv:41.0) Gecko/20100101 Firefox/41.0"
24.9.104.158 - - [06/Oct/2015:23:36:06 -0400] "GET /static/mainapp/style.css HTTP/1.1" 200 423 "-" "Mozilla/5.0 (Macintosh; Intel Mac OS X 10.10; rv:41.0) Gecko/20100101 Firefox/41.0"
24.9.104.158 - - [06/Oct/2015:23:36:06 -0400] "GET /static/mainapp/jquery.geocomplete.js HTTP/1.1" 200 6064 "-" "Mozilla/5.0 (Macintosh; Intel Mac OS X 10.10; rv:41.0) Gecko/20100101 Firefox/41.0"
24.9.104.158 - - [06/Oct/2015:23:36:06 -0400] "GET /static/mainapp/background_pale.png HTTP/1.1" 304 183 "-" "Mozilla/5.0 (Macintosh; Intel Mac OS X 10.10; rv:41.0) Gecko/20100101 Firefox/41.0"
24.9.104.158 - - [06/Oct/2015:23:36:29 -0400] "POST /mainapp/output/ HTTP/1.1" 500 104653 "-" "Mozilla/5.0 (Macintosh; Intel Mac OS X 10.10; rv:41.0) Gecko/20100101 Firefox/41.0"
52.6.158.18 - - [06/Oct/2015:23:36:59 -0400] "GET /mainapp/output/ HTTP/1.1" 206 299 "-" "Slackbot-LinkExpanding 1.0 (+https://api.slack.com/robots)"
54.165.66.184 - - [06/Oct/2015:23:36:59 -0400] "GET /mainapp/output/ HTTP/1.1" 416 683 "-" "Slackbot-LinkExpanding 1.0 (+https://api.slack.com/robots)"
24.9.104.158 - - [06/Oct/2015:23:37:24 -0400] "POST /mainapp/output/ HTTP/1.1" 500 104653 "-" "Mozilla/5.0 (Macintosh; Intel Mac OS X 10.10; rv:41.0) Gecko/20100101 Firefox/41.0"
24.9.104.158 - - [06/Oct/2015:23:37:54 -0400] "POST /mainapp/output/ HTTP/1.1" 500 104653 "-" "Mozilla/5.0 (Macintosh; Intel Mac OS X 10.10; rv:41.0) Gecko/20100101 Firefox/41.0"
24.9.104.158 - - [06/Oct/2015:23:40:35 -0400] "POST /mainapp/output/ HTTP/1.1" 200 64317 "-" "Mozilla/5.0 (Macintosh; Intel Mac OS X 10.10; rv:41.0) Gecko/20100101 Firefox/41.0"
24.9.104.158 - - [06/Oct/2015:23:40:51 -0400] "GET /static/mainapp/style.css HTTP/1.1" 200 424 "-" "Mozilla/5.0 (Macintosh; Intel Mac OS X 10.10; rv:41.0) Gecko/20100101 Firefox/41.0"
24.9.104.158 - - [06/Oct/2015:23:40:51 -0400] "GET /static/mainapp/background_pale.png HTTP/1.1" 304 183 "-" "Mozilla/5.0 (Macintosh; Intel Mac OS X 10.10; rv:41.0) Gecko/20100101 Firefox/41.0"
198.200.76.86 - - [06/Oct/2015:23:46:20 -0400] "GET / HTTP/1.1" 200 1634 "-" "Mozilla/5.0 (iPad; CPU OS 8_4_1 like Mac OS X) AppleWebKit/600.1.4 (KHTML, like Gecko) CriOS/45.0.2454.89 Mobile/12H321 Safari/600.1.4"
198.200.76.86 - - [06/Oct/2015:23:46:21 -0400] "GET /static/bootstrap/css/bootstrap.css HTTP/1.1" 200 21864 "http://www.walksafr.com/" "Mozilla/5.0 (iPad; CPU OS 8_4_1 like Mac OS X) AppleWebKit/600.1.4 (KHTML, like Gecko) CriOS/45.0.2454.89 Mobile/12H321 Safari/600.1.4"
198.200.76.86 - - [06/Oct/2015:23:46:21 -0400] "GET /static/bootstrap/css/bootstrap-theme.css HTTP/1.1" 200 3190 "http://www.walksafr.com/" "Mozilla/5.0 (iPad; CPU OS 8_4_1 like Mac OS X) AppleWebKit/600.1.4 (KHTML, like Gecko) CriOS/45.0.2454.89 Mobile/12H321 Safari/600.1.4"
198.200.76.86 - - [06/Oct/2015:23:46:21 -0400] "GET /static/css/style.css HTTP/1.1" 200 706 "http://www.walksafr.com/" "Mozilla/5.0 (iPad; CPU OS 8_4_1 like Mac OS X) AppleWebKit/600.1.4 (KHTML, like Gecko) CriOS/45.0.2454.89 Mobile/12H321 Safari/600.1.4"
198.200.76.86 - - [06/Oct/2015:23:46:21 -0400] "GET /static/bootstrap/js/bootstrap.min.js HTTP/1.1" 200 10097 "http://www.walksafr.com/" "Mozilla/5.0 (iPad; CPU OS 8_4_1 like Mac OS X) AppleWebKit/600.1.4 (KHTML, like Gecko) CriOS/45.0.2454.89 Mobile/12H321 Safari/600.1.4"
198.200.76.86 - - [06/Oct/2015:23:46:21 -0400] "GET /static/bootstrap/js/ie10-viewport-bug-workaround.js HTTP/1.1" 200 789 "http://www.walksafr.com/" "Mozilla/5.0 (iPad; CPU OS 8_4_1 like Mac OS X) AppleWebKit/600.1.4 (KHTML, like Gecko) CriOS/45.0.2454.89 Mobile/12H321 Safari/600.1.4"
198.200.76.86 - - [06/Oct/2015:23:46:21 -0400] "GET /static/css/background_pale.png HTTP/1.1" 200 3164784 "http://www.walksafr.com/" "Mozilla/5.0 (iPad; CPU OS 8_4_1 like Mac OS X) AppleWebKit/600.1.4 (KHTML, like Gecko) CriOS/45.0.2454.89 Mobile/12H321 Safari/600.1.4"
198.200.76.86 - - [06/Oct/2015:23:46:25 -0400] "GET /static/flavicon.ico HTTP/1.1" 200 32341 "-" "Mozilla/5.0 (iPad; CPU OS 8_4_1 like Mac OS X) AppleWebKit/600.1.4 (KHTML, like Gecko) CriOS/45.0.2454.89 Mobile/12H321 Safari/600.1.4"
198.200.76.86 - - [06/Oct/2015:23:46:41 -0400] "GET /mainapp/input/ HTTP/1.1" 200 2670 "http://www.walksafr.com/" "Mozilla/5.0 (iPad; CPU OS 8_4_1 like Mac OS X) AppleWebKit/600.1.4 (KHTML, like Gecko) CriOS/45.0.2454.89 Mobile/12H321 Safari/600.1.4"
198.200.76.86 - - [06/Oct/2015:23:46:42 -0400] "GET /static/mainapp/style.css HTTP/1.1" 200 423 "http://www.walksafr.com/mainapp/input/" "Mozilla/5.0 (iPad; CPU OS 8_4_1 like Mac OS X) AppleWebKit/600.1.4 (KHTML, like Gecko) CriOS/45.0.2454.89 Mobile/12H321 Safari/600.1.4"
